// Jest Snapshot v1, https://goo.gl/fbAQLP

exports[`ItemsList test render empty component 1`] = `
<div
  className="body"
>
  <div
    className="container row"
  />
</div>
`;
