// Jest Snapshot v1, https://goo.gl/fbAQLP

exports[`ItemDetails test render empty component 1`] = `null`;
